TAP version 13
1..30
not ok 1 - spinwFunctionTests/testFunction(testFun=C__Users_Simon_Documents_MATLAB_Development_spinw_tutorials_pub)
    ---
    Event:
        Event Name: 'ExceptionThrown'
        Event Location: 'spinwFunctionTests/testFunction(testFun=C__Users_Simon_Documents_MATLAB_Development_spinw_tutorials_pub)'
        Error Identifier: 'MATLAB:save:noParentDir'
        Error Report: |
            Error using save
            Cannot create 'tutorial1_ref1.mat' because 'C:\Users\Simon\Documents\MATLAB\Development\spinw\test\tutorialResuls' does not exist.
            
            Error in spinwFunctionTests/testFunction (line 126)
                                save(r_name, 'data_r')
        Stack: |
            In C:\Users\Simon\Documents\MATLAB\Development\spinwTesting\spinwFunctionTests.m (spinwFunctionTests.testFunction) at 126
    ...
not ok 2 - spinwFunctionTests/testFunction(testFun=C__Users_Simon_Documents_MATLAB_Development_spinw_tutorials__1)
    ---
    Event:
        Event Name: 'ExceptionThrown'
        Event Location: 'spinwFunctionTests/testFunction(testFun=C__Users_Simon_Documents_MATLAB_Development_spinw_tutorials__1)'
        Error Identifier: 'MATLAB:save:noParentDir'
        Error Report: |
            Error using save
            Cannot create 'tutorial10_ref1.mat' because 'C:\Users\Simon\Documents\MATLAB\Development\spinw\test\tutorialResuls' does not exist.
            
            Error in spinwFunctionTests/testFunction (line 126)
                                save(r_name, 'data_r')
        Stack: |
            In C:\Users\Simon\Documents\MATLAB\Development\spinwTesting\spinwFunctionTests.m (spinwFunctionTests.testFunction) at 126
    ...
not ok 3 - spinwFunctionTests/testFunction(testFun=C__Users_Simon_Documents_MATLAB_Development_spinw_tutorials__2)
    ---
    Event:
        Event Name: 'ExceptionThrown'
        Event Location: 'spinwFunctionTests/testFunction(testFun=C__Users_Simon_Documents_MATLAB_Development_spinw_tutorials__2)'
        Error Identifier: 'MATLAB:save:noParentDir'
        Error Report: |
            Error using save
            Cannot create 'tutorial11_ref1.mat' because 'C:\Users\Simon\Documents\MATLAB\Development\spinw\test\tutorialResuls' does not exist.
            
            Error in spinwFunctionTests/testFunction (line 126)
                                save(r_name, 'data_r')
        Stack: |
            In C:\Users\Simon\Documents\MATLAB\Development\spinwTesting\spinwFunctionTests.m (spinwFunctionTests.testFunction) at 126
    ...
not ok 4 - spinwFunctionTests/testFunction(testFun=C__Users_Simon_Documents_MATLAB_Development_spinw_tutorials__3)
    ---
    Event:
        Event Name: 'ExceptionThrown'
        Event Location: 'spinwFunctionTests/testFunction(testFun=C__Users_Simon_Documents_MATLAB_Development_spinw_tutorials__3)'
        Error Identifier: 'MATLAB:save:noParentDir'
        Error Report: |
            Error using save
            Cannot create 'tutorial12_ref1.mat' because 'C:\Users\Simon\Documents\MATLAB\Development\spinw\test\tutorialResuls' does not exist.
            
            Error in spinwFunctionTests/testFunction (line 126)
                                save(r_name, 'data_r')
        Stack: |
            In C:\Users\Simon\Documents\MATLAB\Development\spinwTesting\spinwFunctionTests.m (spinwFunctionTests.testFunction) at 126
    ...
not ok 5 - spinwFunctionTests/testFunction(testFun=C__Users_Simon_Documents_MATLAB_Development_spinw_tutorials__4)
    ---
    Event:
        Event Name: 'ExceptionThrown'
        Event Location: 'spinwFunctionTests/testFunction(testFun=C__Users_Simon_Documents_MATLAB_Development_spinw_tutorials__4)'
        Error Identifier: 'MATLAB:save:noParentDir'
        Error Report: |
            Error using save
            Cannot create 'tutorial13_ref1.mat' because 'C:\Users\Simon\Documents\MATLAB\Development\spinw\test\tutorialResuls' does not exist.
            
            Error in spinwFunctionTests/testFunction (line 126)
                                save(r_name, 'data_r')
        Stack: |
            In C:\Users\Simon\Documents\MATLAB\Development\spinwTesting\spinwFunctionTests.m (spinwFunctionTests.testFunction) at 126
    ...
not ok 6 - spinwFunctionTests/testFunction(testFun=C__Users_Simon_Documents_MATLAB_Development_spinw_tutorials__5)
    ---
    Event:
        Event Name: 'ExceptionThrown'
        Event Location: 'spinwFunctionTests/testFunction(testFun=C__Users_Simon_Documents_MATLAB_Development_spinw_tutorials__5)'
        Error Identifier: 'MATLAB:save:noParentDir'
        Error Report: |
            Error using save
            Cannot create 'tutorial14_ref1.mat' because 'C:\Users\Simon\Documents\MATLAB\Development\spinw\test\tutorialResuls' does not exist.
            
            Error in spinwFunctionTests/testFunction (line 126)
                                save(r_name, 'data_r')
        Stack: |
            In C:\Users\Simon\Documents\MATLAB\Development\spinwTesting\spinwFunctionTests.m (spinwFunctionTests.testFunction) at 126
    ...
not ok 7 - spinwFunctionTests/testFunction(testFun=C__Users_Simon_Documents_MATLAB_Development_spinw_tutorials__6)
    ---
    Event:
        Event Name: 'ExceptionThrown'
        Event Location: 'spinwFunctionTests/testFunction(testFun=C__Users_Simon_Documents_MATLAB_Development_spinw_tutorials__6)'
        Error Identifier: 'MATLAB:save:noParentDir'
        Error Report: |
            Error using save
            Cannot create 'tutorial15_ref1.mat' because 'C:\Users\Simon\Documents\MATLAB\Development\spinw\test\tutorialResuls' does not exist.
            
            Error in spinwFunctionTests/testFunction (line 126)
                                save(r_name, 'data_r')
        Stack: |
            In C:\Users\Simon\Documents\MATLAB\Development\spinwTesting\spinwFunctionTests.m (spinwFunctionTests.testFunction) at 126
    ...
not ok 8 - spinwFunctionTests/testFunction(testFun=C__Users_Simon_Documents_MATLAB_Development_spinw_tutorials__7)
    ---
    Event:
        Event Name: 'ExceptionThrown'
        Event Location: 'spinwFunctionTests/testFunction(testFun=C__Users_Simon_Documents_MATLAB_Development_spinw_tutorials__7)'
        Error Identifier: 'MATLAB:save:noParentDir'
        Error Report: |
            Error using save
            Cannot create 'tutorial16_ref1.mat' because 'C:\Users\Simon\Documents\MATLAB\Development\spinw\test\tutorialResuls' does not exist.
            
            Error in spinwFunctionTests/testFunction (line 126)
                                save(r_name, 'data_r')
        Stack: |
            In C:\Users\Simon\Documents\MATLAB\Development\spinwTesting\spinwFunctionTests.m (spinwFunctionTests.testFunction) at 126
    ...
not ok 9 - spinwFunctionTests/testFunction(testFun=C__Users_Simon_Documents_MATLAB_Development_spinw_tutorials__8)
    ---
    Event:
        Event Name: 'ExceptionThrown'
        Event Location: 'spinwFunctionTests/testFunction(testFun=C__Users_Simon_Documents_MATLAB_Development_spinw_tutorials__8)'
        Error Identifier: 'MATLAB:save:noParentDir'
        Error Report: |
            Error using save
            Cannot create 'tutorial17_ref1.mat' because 'C:\Users\Simon\Documents\MATLAB\Development\spinw\test\tutorialResuls' does not exist.
            
            Error in spinwFunctionTests/testFunction (line 126)
                                save(r_name, 'data_r')
        Stack: |
            In C:\Users\Simon\Documents\MATLAB\Development\spinwTesting\spinwFunctionTests.m (spinwFunctionTests.testFunction) at 126
    ...
not ok 10 - spinwFunctionTests/testFunction(testFun=C__Users_Simon_Documents_MATLAB_Development_spinw_tutorials__9)
    ---
    Event:
        Event Name: 'ExceptionThrown'
        Event Location: 'spinwFunctionTests/testFunction(testFun=C__Users_Simon_Documents_MATLAB_Development_spinw_tutorials__9)'
        Error Identifier: 'MATLAB:save:noParentDir'
        Error Report: |
            Error using save
            Cannot create 'tutorial18_ref1.mat' because 'C:\Users\Simon\Documents\MATLAB\Development\spinw\test\tutorialResuls' does not exist.
            
            Error in spinwFunctionTests/testFunction (line 126)
                                save(r_name, 'data_r')
        Stack: |
            In C:\Users\Simon\Documents\MATLAB\Development\spinwTesting\spinwFunctionTests.m (spinwFunctionTests.testFunction) at 126
    ...
not ok 11 - spinwFunctionTests/testFunction(testFun=C__Users_Simon_Documents_MATLAB_Development_spinw_tutorials__10)
    ---
    Event:
        Event Name: 'ExceptionThrown'
        Event Location: 'spinwFunctionTests/testFunction(testFun=C__Users_Simon_Documents_MATLAB_Development_spinw_tutorials__10)'
        Error Identifier: 'MATLAB:save:noParentDir'
        Error Report: |
            Error using save
            Cannot create 'tutorial19_ref1.mat' because 'C:\Users\Simon\Documents\MATLAB\Development\spinw\test\tutorialResuls' does not exist.
            
            Error in spinwFunctionTests/testFunction (line 126)
                                save(r_name, 'data_r')
        Stack: |
            In C:\Users\Simon\Documents\MATLAB\Development\spinwTesting\spinwFunctionTests.m (spinwFunctionTests.testFunction) at 126
    ...
not ok 12 - spinwFunctionTests/testFunction(testFun=C__Users_Simon_Documents_MATLAB_Development_spinw_tutorials__11)
    ---
    Event:
        Event Name: 'ExceptionThrown'
        Event Location: 'spinwFunctionTests/testFunction(testFun=C__Users_Simon_Documents_MATLAB_Development_spinw_tutorials__11)'
        Error Identifier: 'MATLAB:save:noParentDir'
        Error Report: |
            Error using save
            Cannot create 'tutorial2_ref1.mat' because 'C:\Users\Simon\Documents\MATLAB\Development\spinw\test\tutorialResuls' does not exist.
            
            Error in spinwFunctionTests/testFunction (line 126)
                                save(r_name, 'data_r')
        Stack: |
            In C:\Users\Simon\Documents\MATLAB\Development\spinwTesting\spinwFunctionTests.m (spinwFunctionTests.testFunction) at 126
    ...
not ok 13 - spinwFunctionTests/testFunction(testFun=C__Users_Simon_Documents_MATLAB_Development_spinw_tutorials__12)
    ---
    Event:
        Event Name: 'ExceptionThrown'
        Event Location: 'spinwFunctionTests/testFunction(testFun=C__Users_Simon_Documents_MATLAB_Development_spinw_tutorials__12)'
        Error Identifier: 'MATLAB:save:noParentDir'
        Error Report: |
            Error using save
            Cannot create 'tutorial20_ref1.mat' because 'C:\Users\Simon\Documents\MATLAB\Development\spinw\test\tutorialResuls' does not exist.
            
            Error in spinwFunctionTests/testFunction (line 126)
                                save(r_name, 'data_r')
        Stack: |
            In C:\Users\Simon\Documents\MATLAB\Development\spinwTesting\spinwFunctionTests.m (spinwFunctionTests.testFunction) at 126
    ...
ok 14 - spinwFunctionTests/testFunction(testFun=C__Users_Simon_Documents_MATLAB_Development_spinw_tutorials__13)
not ok 15 - spinwFunctionTests/testFunction(testFun=C__Users_Simon_Documents_MATLAB_Development_spinw_tutorials__14)
    ---
    Event:
        Event Name: 'ExceptionThrown'
        Event Location: 'spinwFunctionTests/testFunction(testFun=C__Users_Simon_Documents_MATLAB_Development_spinw_tutorials__14)'
        Error Identifier: 'MATLAB:save:noParentDir'
        Error Report: |
            Error using save
            Cannot create 'tutorial3_ref1.mat' because 'C:\Users\Simon\Documents\MATLAB\Development\spinw\test\tutorialResuls' does not exist.
            
            Error in spinwFunctionTests/testFunction (line 126)
                                save(r_name, 'data_r')
        Stack: |
            In C:\Users\Simon\Documents\MATLAB\Development\spinwTesting\spinwFunctionTests.m (spinwFunctionTests.testFunction) at 126
    ...
not ok 16 - spinwFunctionTests/testFunction(testFun=C__Users_Simon_Documents_MATLAB_Development_spinw_tutorials__15)
    ---
    Event:
        Event Name: 'ExceptionThrown'
        Event Location: 'spinwFunctionTests/testFunction(testFun=C__Users_Simon_Documents_MATLAB_Development_spinw_tutorials__15)'
        Error Identifier: 'MATLAB:save:noParentDir'
        Error Report: |
            Error using save
            Cannot create 'tutorial30_ref1.mat' because 'C:\Users\Simon\Documents\MATLAB\Development\spinw\test\tutorialResuls' does not exist.
            
            Error in spinwFunctionTests/testFunction (line 126)
                                save(r_name, 'data_r')
        Stack: |
            In C:\Users\Simon\Documents\MATLAB\Development\spinwTesting\spinwFunctionTests.m (spinwFunctionTests.testFunction) at 126
    ...
ok 17 - spinwFunctionTests/testFunction(testFun=C__Users_Simon_Documents_MATLAB_Development_spinw_tutorials__16)
ok 18 - spinwFunctionTests/testFunction(testFun=C__Users_Simon_Documents_MATLAB_Development_spinw_tutorials__17)
ok 19 - spinwFunctionTests/testFunction(testFun=C__Users_Simon_Documents_MATLAB_Development_spinw_tutorials__18)
ok 20 - spinwFunctionTests/testFunction(testFun=C__Users_Simon_Documents_MATLAB_Development_spinw_tutorials__19)
ok 21 - spinwFunctionTests/testFunction(testFun=C__Users_Simon_Documents_MATLAB_Development_spinw_tutorials__20)
not ok 22 - spinwFunctionTests/testFunction(testFun=C__Users_Simon_Documents_MATLAB_Development_spinw_tutorials__21)
    ---
    Event:
        Event Name: 'ExceptionThrown'
        Event Location: 'spinwFunctionTests/testFunction(testFun=C__Users_Simon_Documents_MATLAB_Development_spinw_tutorials__21)'
        Error Identifier: 'MATLAB:save:noParentDir'
        Error Report: |
            Error using save
            Cannot create 'tutorial36_ref1.mat' because 'C:\Users\Simon\Documents\MATLAB\Development\spinw\test\tutorialResuls' does not exist.
            
            Error in spinwFunctionTests/testFunction (line 126)
                                save(r_name, 'data_r')
        Stack: |
            In C:\Users\Simon\Documents\MATLAB\Development\spinwTesting\spinwFunctionTests.m (spinwFunctionTests.testFunction) at 126
    ...
not ok 23 - spinwFunctionTests/testFunction(testFun=C__Users_Simon_Documents_MATLAB_Development_spinw_tutorials__22)
    ---
    Event:
        Event Name: 'ExceptionThrown'
        Event Location: 'spinwFunctionTests/testFunction(testFun=C__Users_Simon_Documents_MATLAB_Development_spinw_tutorials__22)'
        Error Identifier: 'MATLAB:save:noParentDir'
        Error Report: |
            Error using save
            Cannot create 'tutorial37_ref1.mat' because 'C:\Users\Simon\Documents\MATLAB\Development\spinw\test\tutorialResuls' does not exist.
            
            Error in spinwFunctionTests/testFunction (line 126)
                                save(r_name, 'data_r')
        Stack: |
            In C:\Users\Simon\Documents\MATLAB\Development\spinwTesting\spinwFunctionTests.m (spinwFunctionTests.testFunction) at 126
    ...
ok 24 - spinwFunctionTests/testFunction(testFun=C__Users_Simon_Documents_MATLAB_Development_spinw_tutorials__23)
not ok 25 - spinwFunctionTests/testFunction(testFun=C__Users_Simon_Documents_MATLAB_Development_spinw_tutorials__24)
    ---
    Event:
        Event Name: 'ExceptionThrown'
        Event Location: 'spinwFunctionTests/testFunction(testFun=C__Users_Simon_Documents_MATLAB_Development_spinw_tutorials__24)'
        Error Identifier: 'MATLAB:save:noParentDir'
        Error Report: |
            Error using save
            Cannot create 'tutorial4_ref1.mat' because 'C:\Users\Simon\Documents\MATLAB\Development\spinw\test\tutorialResuls' does not exist.
            
            Error in spinwFunctionTests/testFunction (line 126)
                                save(r_name, 'data_r')
        Stack: |
            In C:\Users\Simon\Documents\MATLAB\Development\spinwTesting\spinwFunctionTests.m (spinwFunctionTests.testFunction) at 126
    ...
not ok 26 - spinwFunctionTests/testFunction(testFun=C__Users_Simon_Documents_MATLAB_Development_spinw_tutorials__25)
    ---
    Event:
        Event Name: 'ExceptionThrown'
        Event Location: 'spinwFunctionTests/testFunction(testFun=C__Users_Simon_Documents_MATLAB_Development_spinw_tutorials__25)'
        Error Identifier: 'MATLAB:save:noParentDir'
        Error Report: |
            Error using save
            Cannot create 'tutorial5_ref1.mat' because 'C:\Users\Simon\Documents\MATLAB\Development\spinw\test\tutorialResuls' does not exist.
            
            Error in spinwFunctionTests/testFunction (line 126)
                                save(r_name, 'data_r')
        Stack: |
            In C:\Users\Simon\Documents\MATLAB\Development\spinwTesting\spinwFunctionTests.m (spinwFunctionTests.testFunction) at 126
    ...
not ok 27 - spinwFunctionTests/testFunction(testFun=C__Users_Simon_Documents_MATLAB_Development_spinw_tutorials__26)
    ---
    Event:
        Event Name: 'ExceptionThrown'
        Event Location: 'spinwFunctionTests/testFunction(testFun=C__Users_Simon_Documents_MATLAB_Development_spinw_tutorials__26)'
        Error Identifier: 'MATLAB:save:noParentDir'
        Error Report: |
            Error using save
            Cannot create 'tutorial6_ref1.mat' because 'C:\Users\Simon\Documents\MATLAB\Development\spinw\test\tutorialResuls' does not exist.
            
            Error in spinwFunctionTests/testFunction (line 126)
                                save(r_name, 'data_r')
        Stack: |
            In C:\Users\Simon\Documents\MATLAB\Development\spinwTesting\spinwFunctionTests.m (spinwFunctionTests.testFunction) at 126
    ...
not ok 28 - spinwFunctionTests/testFunction(testFun=C__Users_Simon_Documents_MATLAB_Development_spinw_tutorials__27)
    ---
    Event:
        Event Name: 'ExceptionThrown'
        Event Location: 'spinwFunctionTests/testFunction(testFun=C__Users_Simon_Documents_MATLAB_Development_spinw_tutorials__27)'
        Error Identifier: 'MATLAB:save:noParentDir'
        Error Report: |
            Error using save
            Cannot create 'tutorial7_ref1.mat' because 'C:\Users\Simon\Documents\MATLAB\Development\spinw\test\tutorialResuls' does not exist.
            
            Error in spinwFunctionTests/testFunction (line 126)
                                save(r_name, 'data_r')
        Stack: |
            In C:\Users\Simon\Documents\MATLAB\Development\spinwTesting\spinwFunctionTests.m (spinwFunctionTests.testFunction) at 126
    ...
not ok 29 - spinwFunctionTests/testFunction(testFun=C__Users_Simon_Documents_MATLAB_Development_spinw_tutorials__28)
    ---
    Event:
        Event Name: 'ExceptionThrown'
        Event Location: 'spinwFunctionTests/testFunction(testFun=C__Users_Simon_Documents_MATLAB_Development_spinw_tutorials__28)'
        Error Identifier: 'MATLAB:save:noParentDir'
        Error Report: |
            Error using save
            Cannot create 'tutorial8_ref1.mat' because 'C:\Users\Simon\Documents\MATLAB\Development\spinw\test\tutorialResuls' does not exist.
            
            Error in spinwFunctionTests/testFunction (line 126)
                                save(r_name, 'data_r')
        Stack: |
            In C:\Users\Simon\Documents\MATLAB\Development\spinwTesting\spinwFunctionTests.m (spinwFunctionTests.testFunction) at 126
    ...
not ok 30 - spinwFunctionTests/testFunction(testFun=C__Users_Simon_Documents_MATLAB_Development_spinw_tutorials__29)
    ---
    Event:
        Event Name: 'ExceptionThrown'
        Event Location: 'spinwFunctionTests/testFunction(testFun=C__Users_Simon_Documents_MATLAB_Development_spinw_tutorials__29)'
        Error Identifier: 'MATLAB:save:noParentDir'
        Error Report: |
            Error using save
            Cannot create 'tutorial9_ref1.mat' because 'C:\Users\Simon\Documents\MATLAB\Development\spinw\test\tutorialResuls' does not exist.
            
            Error in spinwFunctionTests/testFunction (line 126)
                                save(r_name, 'data_r')
        Stack: |
            In C:\Users\Simon\Documents\MATLAB\Development\spinwTesting\spinwFunctionTests.m (spinwFunctionTests.testFunction) at 126
    ...

TAP version 13
1..23
ok 1 - spinwFunctionTests/testFunction(testFun=C__Users_Simon_Documents_MATLAB_Development_spinw_tutorials_pub)
ok 2 - spinwFunctionTests/testFunction(testFun=C__Users_Simon_Documents_MATLAB_Development_spinw_tutorials__1)
ok 3 - spinwFunctionTests/testFunction(testFun=C__Users_Simon_Documents_MATLAB_Development_spinw_tutorials__2)
ok 4 - spinwFunctionTests/testFunction(testFun=C__Users_Simon_Documents_MATLAB_Development_spinw_tutorials__3)
ok 5 - spinwFunctionTests/testFunction(testFun=C__Users_Simon_Documents_MATLAB_Development_spinw_tutorials__4)
ok 6 - spinwFunctionTests/testFunction(testFun=C__Users_Simon_Documents_MATLAB_Development_spinw_tutorials__5)
ok 7 - spinwFunctionTests/testFunction(testFun=C__Users_Simon_Documents_MATLAB_Development_spinw_tutorials__6)
ok 8 - spinwFunctionTests/testFunction(testFun=C__Users_Simon_Documents_MATLAB_Development_spinw_tutorials__7)
ok 9 - spinwFunctionTests/testFunction(testFun=C__Users_Simon_Documents_MATLAB_Development_spinw_tutorials__8)
ok 10 - spinwFunctionTests/testFunction(testFun=C__Users_Simon_Documents_MATLAB_Development_spinw_tutorials__9)
ok 11 - spinwFunctionTests/testFunction(testFun=C__Users_Simon_Documents_MATLAB_Development_spinw_tutorials__10)
ok 12 - spinwFunctionTests/testFunction(testFun=C__Users_Simon_Documents_MATLAB_Development_spinw_tutorials__11)
ok 13 - spinwFunctionTests/testFunction(testFun=C__Users_Simon_Documents_MATLAB_Development_spinw_tutorials__12)
ok 14 - spinwFunctionTests/testFunction(testFun=C__Users_Simon_Documents_MATLAB_Development_spinw_tutorials__14)
ok 15 - spinwFunctionTests/testFunction(testFun=C__Users_Simon_Documents_MATLAB_Development_spinw_tutorials__15)
ok 16 - spinwFunctionTests/testFunction(testFun=C__Users_Simon_Documents_MATLAB_Development_spinw_tutorials__21)
ok 17 - spinwFunctionTests/testFunction(testFun=C__Users_Simon_Documents_MATLAB_Development_spinw_tutorials__22)
ok 18 - spinwFunctionTests/testFunction(testFun=C__Users_Simon_Documents_MATLAB_Development_spinw_tutorials__24)
ok 19 - spinwFunctionTests/testFunction(testFun=C__Users_Simon_Documents_MATLAB_Development_spinw_tutorials__25)
ok 20 - spinwFunctionTests/testFunction(testFun=C__Users_Simon_Documents_MATLAB_Development_spinw_tutorials__26)
ok 21 - spinwFunctionTests/testFunction(testFun=C__Users_Simon_Documents_MATLAB_Development_spinw_tutorials__27)
ok 22 - spinwFunctionTests/testFunction(testFun=C__Users_Simon_Documents_MATLAB_Development_spinw_tutorials__28)
ok 23 - spinwFunctionTests/testFunction(testFun=C__Users_Simon_Documents_MATLAB_Development_spinw_tutorials__29)

